Flow report for ModoSecuencial
Sun Nov 30 22:48:37 2025
Quartus Prime Version 20.1.1 Build 720 11/11/2020 SJ Lite Edition


---------------------
; Table of Contents ;
---------------------
  1. Legal Notice
  2. Flow Summary
  3. Flow Settings
  4. Flow Non-Default Global Settings
  5. Flow Elapsed Time
  6. Flow OS Summary
  7. Flow Log
  8. Flow Messages
  9. Flow Suppressed Messages



----------------
; Legal Notice ;
----------------
Copyright (C) 2020  Intel Corporation. All rights reserved.
Your use of Intel Corporation's design tools, logic functions 
and other software and tools, and any partner logic 
functions, and any output files from any of the foregoing 
(including device programming or simulation files), and any 
associated documentation or information are expressly subject 
to the terms and conditions of the Intel Program License 
Subscription Agreement, the Intel Quartus Prime License Agreement,
the Intel FPGA IP License Agreement, or other applicable license
agreement, including, without limitation, that your use is for
the sole purpose of programming logic devices manufactured by
Intel and sold by Intel or its authorized distributors.  Please
refer to the applicable agreement for further details, at
https://fpgasoftware.intel.com/eula.



+---------------------------------------------------------------------------+
; Flow Summary                                                              ;
+-----------------------------+---------------------------------------------+
; Flow Status                 ; Flow Failed - Sun Nov 30 22:48:37 2025      ;
; Quartus Prime Version       ; 20.1.1 Build 720 11/11/2020 SJ Lite Edition ;
; Revision Name               ; ModoSecuencial                              ;
; Top-level Entity Name       ; dsa_system_wrapper                          ;
; Family                      ; Cyclone V                                   ;
; Device                      ; 5CGXFC7C7F23C8                              ;
; Timing Models               ; Final                                       ;
; Logic utilization (in ALMs) ; N/A until Partition Merge                   ;
; Total registers             ; N/A until Partition Merge                   ;
; Total pins                  ; N/A until Partition Merge                   ;
; Total virtual pins          ; N/A until Partition Merge                   ;
; Total block memory bits     ; N/A until Partition Merge                   ;
; Total PLLs                  ; N/A until Partition Merge                   ;
; Total DLLs                  ; N/A until Partition Merge                   ;
+-----------------------------+---------------------------------------------+


+-----------------------------------------+
; Flow Settings                           ;
+-------------------+---------------------+
; Option            ; Setting             ;
+-------------------+---------------------+
; Start date & time ; 11/30/2025 22:48:22 ;
; Main task         ; Compilation         ;
; Revision Name     ; ModoSecuencial      ;
+-------------------+---------------------+


+----------------------------------------------------------------------------------------------------------------------------------------------------------------------+
; Flow Non-Default Global Settings                                                                                                                                     ;
+--------------------------------------+--------------------------------------------------------------+----------------+-------------+---------------------------------+
; Assignment Name                      ; Value                                                        ; Default Value  ; Entity Name ; Section Id                      ;
+--------------------------------------+--------------------------------------------------------------+----------------+-------------+---------------------------------+
; COMPILER_SIGNATURE_ID                ; 91759315386.176456450212016                                  ; --             ; --          ; --                              ;
; EDA_DESIGN_INSTANCE_NAME             ; NA                                                           ; --             ; --          ; tb_downscale_SIMD_Proceso       ;
; EDA_DESIGN_INSTANCE_NAME             ; NA                                                           ; --             ; --          ; tb_Downscale_Secuencial         ;
; EDA_DESIGN_INSTANCE_NAME             ; NA                                                           ; --             ; --          ; tb_Top_Downscale_Secuencial     ;
; EDA_DESIGN_INSTANCE_NAME             ; NA                                                           ; --             ; --          ; tb_downscale_Secuencial_Proceso ;
; EDA_DESIGN_INSTANCE_NAME             ; NA                                                           ; --             ; --          ; tb_Top_Downscale_Integration    ;
; EDA_DESIGN_INSTANCE_NAME             ; NA                                                           ; --             ; --          ; tb_Downscale_SIMD               ;
; EDA_DESIGN_INSTANCE_NAME             ; NA                                                           ; --             ; --          ; tb_ImageMemory_SIMDPort         ;
; EDA_NATIVELINK_SIMULATION_TEST_BENCH ; tb_Top_Downscale_Secuencial                                  ; --             ; --          ; eda_simulation                  ;
; EDA_OUTPUT_DATA_FORMAT               ; Systemverilog Hdl                                            ; --             ; --          ; eda_simulation                  ;
; EDA_SIMULATION_TOOL                  ; ModelSim-Altera (SystemVerilog)                              ; <None>         ; --          ; --                              ;
; EDA_TEST_BENCH_ENABLE_STATUS         ; TEST_BENCH_MODE                                              ; --             ; --          ; eda_simulation                  ;
; EDA_TEST_BENCH_FILE                  ; tb_downscale_SIMD_Proceso.sv                                 ; --             ; --          ; tb_downscale_SIMD_Proceso       ;
; EDA_TEST_BENCH_FILE                  ; tb_Downscale_Secuencial.sv                                   ; --             ; --          ; tb_Downscale_Secuencial         ;
; EDA_TEST_BENCH_FILE                  ; tb_Top_Downscale_Secuencial.sv                               ; --             ; --          ; tb_Top_Downscale_Secuencial     ;
; EDA_TEST_BENCH_FILE                  ; tb_downscale_Secuencial_Proceso.sv                           ; --             ; --          ; tb_downscale_Secuencial_Proceso ;
; EDA_TEST_BENCH_FILE                  ; tb_Top_Downscale_Integration.sv                              ; --             ; --          ; tb_Top_Downscale_Integration    ;
; EDA_TEST_BENCH_FILE                  ; tb_Downscale_SIMD.sv                                         ; --             ; --          ; tb_Downscale_SIMD               ;
; EDA_TEST_BENCH_FILE                  ; tb_ImageMemory_SIMDPort.sv                                   ; --             ; --          ; tb_ImageMemory_SIMDPort         ;
; EDA_TEST_BENCH_MODULE_NAME           ; tb_downscale_SIMD_Proceso                                    ; --             ; --          ; tb_downscale_SIMD_Proceso       ;
; EDA_TEST_BENCH_MODULE_NAME           ; tb_Downscale_Secuencial                                      ; --             ; --          ; tb_Downscale_Secuencial         ;
; EDA_TEST_BENCH_MODULE_NAME           ; tb_Top_Downscale_Secuencial                                  ; --             ; --          ; tb_Top_Downscale_Secuencial     ;
; EDA_TEST_BENCH_MODULE_NAME           ; tb_downscale_Secuencial_Proceso                              ; --             ; --          ; tb_downscale_Secuencial_Proceso ;
; EDA_TEST_BENCH_MODULE_NAME           ; tb_Top_Downscale_Integration                                 ; --             ; --          ; tb_Top_Downscale_Integration    ;
; EDA_TEST_BENCH_MODULE_NAME           ; tb_Downscale_SIMD                                            ; --             ; --          ; tb_Downscale_SIMD               ;
; EDA_TEST_BENCH_MODULE_NAME           ; tb_ImageMemory_SIMDPort                                      ; --             ; --          ; tb_ImageMemory_SIMDPort         ;
; EDA_TEST_BENCH_NAME                  ; tb_Downscale_Secuencial                                      ; --             ; --          ; eda_simulation                  ;
; EDA_TEST_BENCH_NAME                  ; tb_Downscale_SIMD                                            ; --             ; --          ; eda_simulation                  ;
; EDA_TEST_BENCH_NAME                  ; tb_downscale_Secuencial_Proceso                              ; --             ; --          ; eda_simulation                  ;
; EDA_TEST_BENCH_NAME                  ; tb_downscale_SIMD_Proceso                                    ; --             ; --          ; eda_simulation                  ;
; EDA_TEST_BENCH_NAME                  ; tb_ImageMemory_SIMDPort                                      ; --             ; --          ; eda_simulation                  ;
; EDA_TEST_BENCH_NAME                  ; tb_Top_Downscale_Secuencial                                  ; --             ; --          ; eda_simulation                  ;
; EDA_TEST_BENCH_NAME                  ; tb_Top_Downscale_Integration                                 ; --             ; --          ; eda_simulation                  ;
; EDA_TIME_SCALE                       ; 1 ps                                                         ; --             ; --          ; eda_simulation                  ;
; MAX_CORE_JUNCTION_TEMP               ; 85                                                           ; --             ; --          ; --                              ;
; MIN_CORE_JUNCTION_TEMP               ; 0                                                            ; --             ; --          ; --                              ;
; MISC_FILE                            ; qsys/qsys/synthesis/../dsa_system.cmp                        ; --             ; --          ; --                              ;
; MISC_FILE                            ; qsys/qsys/synthesis/../../dsa_system.qsys                    ; --             ; --          ; --                              ;
; POWER_BOARD_THERMAL_MODEL            ; None (CONSERVATIVE)                                          ; --             ; --          ; --                              ;
; POWER_PRESET_COOLING_SOLUTION        ; 23 MM HEAT SINK WITH 200 LFPM AIRFLOW                        ; --             ; --          ; --                              ;
; SLD_FILE                             ; qsys/qsys/synthesis/dsa_system.regmap                        ; --             ; --          ; --                              ;
; SLD_FILE                             ; qsys/qsys/synthesis/dsa_system.debuginfo                     ; --             ; --          ; --                              ;
; SLD_INFO                             ; QSYS_NAME dsa_system HAS_SOPCINFO 1 GENERATION_ID 1764563676 ; --             ; dsa_system  ; --                              ;
; SOPCINFO_FILE                        ; qsys/qsys/synthesis/../../dsa_system.sopcinfo                ; --             ; --          ; --                              ;
; SYNTHESIS_ONLY_QIP                   ; On                                                           ; --             ; --          ; --                              ;
; TOP_LEVEL_ENTITY                     ; dsa_system_wrapper                                           ; ModoSecuencial ; --          ; --                              ;
+--------------------------------------+--------------------------------------------------------------+----------------+-------------+---------------------------------+


+----------------------------------------------------------------------------------------------------------------------------+
; Flow Elapsed Time                                                                                                          ;
+------------------------+--------------+-------------------------+---------------------+------------------------------------+
; Module Name            ; Elapsed Time ; Average Processors Used ; Peak Virtual Memory ; Total CPU Time (on all processors) ;
+------------------------+--------------+-------------------------+---------------------+------------------------------------+
; Analysis & Elaboration ; 00:00:16     ; 1.0                     ; 4903 MB             ; 00:00:31                           ;
; Total                  ; 00:00:16     ; --                      ; --                  ; 00:00:31                           ;
+------------------------+--------------+-------------------------+---------------------+------------------------------------+


+--------------------------------------------------------------------------------------+
; Flow OS Summary                                                                      ;
+------------------------+------------------+------------+------------+----------------+
; Module Name            ; Machine Hostname ; OS Name    ; OS Version ; Processor type ;
+------------------------+------------------+------------+------------+----------------+
; Analysis & Elaboration ; DESKTOP-7CQB5CM  ; Windows 10 ; 10.0       ; x86_64         ;
+------------------------+------------------+------------+------------+----------------+


------------
; Flow Log ;
------------
quartus_map --read_settings_files=on --write_settings_files=off ModoSecuencial -c ModoSecuencial --analysis_and_elaboration



