Analysis & Synthesis report for Proyecto2Arqui
Thu Dec 04 00:23:53 2025
Quartus Prime Version 20.1.1 Build 720 11/11/2020 SJ Lite Edition


---------------------
; Table of Contents ;
---------------------
  1. Legal Notice
  2. Analysis & Synthesis Summary
  3. Analysis & Synthesis Settings
  4. Parallel Compilation
  5. Analysis & Synthesis IP Cores Summary
  6. Analysis & Synthesis Messages



----------------
; Legal Notice ;
----------------
Copyright (C) 2020  Intel Corporation. All rights reserved.
Your use of Intel Corporation's design tools, logic functions 
and other software and tools, and any partner logic 
functions, and any output files from any of the foregoing 
(including device programming or simulation files), and any 
associated documentation or information are expressly subject 
to the terms and conditions of the Intel Program License 
Subscription Agreement, the Intel Quartus Prime License Agreement,
the Intel FPGA IP License Agreement, or other applicable license
agreement, including, without limitation, that your use is for
the sole purpose of programming logic devices manufactured by
Intel and sold by Intel or its authorized distributors.  Please
refer to the applicable agreement for further details, at
https://fpgasoftware.intel.com/eula.



+---------------------------------------------------------------------------+
; Analysis & Synthesis Summary                                              ;
+-----------------------------+---------------------------------------------+
; Analysis & Synthesis Status ; Failed - Thu Dec 04 00:23:53 2025           ;
; Quartus Prime Version       ; 20.1.1 Build 720 11/11/2020 SJ Lite Edition ;
; Revision Name               ; Proyecto2Arqui                              ;
; Top-level Entity Name       ; top_downscale_system                        ;
; Family                      ; Cyclone V                                   ;
; Logic utilization (in ALMs) ; N/A until Partition Merge                   ;
; Total registers             ; N/A until Partition Merge                   ;
; Total pins                  ; N/A until Partition Merge                   ;
; Total virtual pins          ; N/A until Partition Merge                   ;
; Total block memory bits     ; N/A until Partition Merge                   ;
; Total PLLs                  ; N/A until Partition Merge                   ;
; Total DLLs                  ; N/A until Partition Merge                   ;
+-----------------------------+---------------------------------------------+


+-----------------------------------------------------------------------------------------------------------------------------+
; Analysis & Synthesis Settings                                                                                               ;
+---------------------------------------------------------------------------------+----------------------+--------------------+
; Option                                                                          ; Setting              ; Default Value      ;
+---------------------------------------------------------------------------------+----------------------+--------------------+
; Device                                                                          ; 5CSEMA5F31C6         ;                    ;
; Top-level entity name                                                           ; top_downscale_system ; Proyecto2Arqui     ;
; Family name                                                                     ; Cyclone V            ; Cyclone V          ;
; Use smart compilation                                                           ; Off                  ; Off                ;
; Enable parallel Assembler and Timing Analyzer during compilation                ; On                   ; On                 ;
; Enable compact report table                                                     ; Off                  ; Off                ;
; Restructure Multiplexers                                                        ; Auto                 ; Auto               ;
; MLAB Add Timing Constraints For Mixed-Port Feed-Through Mode Setting Don't Care ; Off                  ; Off                ;
; Create Debugging Nodes for IP Cores                                             ; Off                  ; Off                ;
; Preserve fewer node names                                                       ; On                   ; On                 ;
; Intel FPGA IP Evaluation Mode                                                   ; Enable               ; Enable             ;
; Verilog Version                                                                 ; Verilog_2001         ; Verilog_2001       ;
; VHDL Version                                                                    ; VHDL_1993            ; VHDL_1993          ;
; State Machine Processing                                                        ; Auto                 ; Auto               ;
; Safe State Machine                                                              ; Off                  ; Off                ;
; Extract Verilog State Machines                                                  ; On                   ; On                 ;
; Extract VHDL State Machines                                                     ; On                   ; On                 ;
; Ignore Verilog initial constructs                                               ; Off                  ; Off                ;
; Iteration limit for constant Verilog loops                                      ; 5000                 ; 5000               ;
; Iteration limit for non-constant Verilog loops                                  ; 250                  ; 250                ;
; Add Pass-Through Logic to Inferred RAMs                                         ; On                   ; On                 ;
; Infer RAMs from Raw Logic                                                       ; On                   ; On                 ;
; Parallel Synthesis                                                              ; On                   ; On                 ;
; DSP Block Balancing                                                             ; Auto                 ; Auto               ;
; NOT Gate Push-Back                                                              ; On                   ; On                 ;
; Power-Up Don't Care                                                             ; On                   ; On                 ;
; Remove Redundant Logic Cells                                                    ; Off                  ; Off                ;
; Remove Duplicate Registers                                                      ; On                   ; On                 ;
; Ignore CARRY Buffers                                                            ; Off                  ; Off                ;
; Ignore CASCADE Buffers                                                          ; Off                  ; Off                ;
; Ignore GLOBAL Buffers                                                           ; Off                  ; Off                ;
; Ignore ROW GLOBAL Buffers                                                       ; Off                  ; Off                ;
; Ignore LCELL Buffers                                                            ; Off                  ; Off                ;
; Ignore SOFT Buffers                                                             ; On                   ; On                 ;
; Limit AHDL Integers to 32 Bits                                                  ; Off                  ; Off                ;
; Optimization Technique                                                          ; Balanced             ; Balanced           ;
; Carry Chain Length                                                              ; 70                   ; 70                 ;
; Auto Carry Chains                                                               ; On                   ; On                 ;
; Auto Open-Drain Pins                                                            ; On                   ; On                 ;
; Perform WYSIWYG Primitive Resynthesis                                           ; Off                  ; Off                ;
; Auto ROM Replacement                                                            ; On                   ; On                 ;
; Auto RAM Replacement                                                            ; On                   ; On                 ;
; Auto DSP Block Replacement                                                      ; On                   ; On                 ;
; Auto Shift Register Replacement                                                 ; Auto                 ; Auto               ;
; Allow Shift Register Merging across Hierarchies                                 ; Auto                 ; Auto               ;
; Auto Clock Enable Replacement                                                   ; On                   ; On                 ;
; Strict RAM Replacement                                                          ; Off                  ; Off                ;
; Allow Synchronous Control Signals                                               ; On                   ; On                 ;
; Force Use of Synchronous Clear Signals                                          ; Off                  ; Off                ;
; Auto Resource Sharing                                                           ; Off                  ; Off                ;
; Allow Any RAM Size For Recognition                                              ; Off                  ; Off                ;
; Allow Any ROM Size For Recognition                                              ; Off                  ; Off                ;
; Allow Any Shift Register Size For Recognition                                   ; Off                  ; Off                ;
; Use LogicLock Constraints during Resource Balancing                             ; On                   ; On                 ;
; Ignore translate_off and synthesis_off directives                               ; Off                  ; Off                ;
; Timing-Driven Synthesis                                                         ; On                   ; On                 ;
; Report Parameter Settings                                                       ; On                   ; On                 ;
; Report Source Assignments                                                       ; On                   ; On                 ;
; Report Connectivity Checks                                                      ; On                   ; On                 ;
; Ignore Maximum Fan-Out Assignments                                              ; Off                  ; Off                ;
; Synchronization Register Chain Length                                           ; 3                    ; 3                  ;
; Power Optimization During Synthesis                                             ; Normal compilation   ; Normal compilation ;
; HDL message level                                                               ; Level2               ; Level2             ;
; Suppress Register Optimization Related Messages                                 ; Off                  ; Off                ;
; Number of Removed Registers Reported in Synthesis Report                        ; 5000                 ; 5000               ;
; Number of Swept Nodes Reported in Synthesis Report                              ; 5000                 ; 5000               ;
; Number of Inverted Registers Reported in Synthesis Report                       ; 100                  ; 100                ;
; Clock MUX Protection                                                            ; On                   ; On                 ;
; Auto Gated Clock Conversion                                                     ; Off                  ; Off                ;
; Block Design Naming                                                             ; Auto                 ; Auto               ;
; SDC constraint protection                                                       ; Off                  ; Off                ;
; Synthesis Effort                                                                ; Auto                 ; Auto               ;
; Shift Register Replacement - Allow Asynchronous Clear Signal                    ; On                   ; On                 ;
; Pre-Mapping Resynthesis Optimization                                            ; Off                  ; Off                ;
; Analysis & Synthesis Message Level                                              ; Medium               ; Medium             ;
; Disable Register Merging Across Hierarchies                                     ; Auto                 ; Auto               ;
; Resource Aware Inference For Block RAM                                          ; On                   ; On                 ;
; Automatic Parallel Synthesis                                                    ; On                   ; On                 ;
; Partial Reconfiguration Bitstream ID                                            ; Off                  ; Off                ;
+---------------------------------------------------------------------------------+----------------------+--------------------+


+------------------------------------------+
; Parallel Compilation                     ;
+----------------------------+-------------+
; Processors                 ; Number      ;
+----------------------------+-------------+
; Number detected on machine ; 8           ;
; Maximum allowed            ; 4           ;
;                            ;             ;
; Average used               ; 1.00        ;
; Maximum used               ; 1           ;
;                            ;             ;
; Usage by Processor         ; % Time Used ;
;     Processor 1            ; 100.0%      ;
+----------------------------+-------------+


+-----------------------------------------------------------------------------------------------------------------------------------------------+
; Analysis & Synthesis IP Cores Summary                                                                                                         ;
+--------+--------------+---------+--------------+--------------+-------------------------------------------------------+-----------------------+
; Vendor ; IP Core Name ; Version ; Release Date ; License Type ; Entity Instance                                       ; IP Include File       ;
+--------+--------------+---------+--------------+--------------+-------------------------------------------------------+-----------------------+
; N/A    ; Qsys         ; 20.1    ; N/A          ; N/A          ; |top_downscale_system|sld_virtual_jtag:u_virtual_jtag ; sld_virtual_jtag.qsys ;
+--------+--------------+---------+--------------+--------------+-------------------------------------------------------+-----------------------+


+-------------------------------+
; Analysis & Synthesis Messages ;
+-------------------------------+
Info: *******************************************************************
Info: Running Quartus Prime Analysis & Synthesis
    Info: Version 20.1.1 Build 720 11/11/2020 SJ Lite Edition
    Info: Processing started: Thu Dec 04 00:23:45 2025
Info: Command: quartus_map --read_settings_files=on --write_settings_files=off Proyecto2Arqui -c Proyecto2Arqui
Warning (18236): Number of processors has not been specified which may cause overloading on shared machines.  Set the global assignment NUM_PARALLEL_PROCESSORS in your QSF to an appropriate value for best performance.
Info (20030): Parallel compilation is enabled and will use 4 of the 4 processors detected
Info (12021): Found 1 design units, including 1 entities, in source file /users/josev/onedrive/documentos/arqui2proyectoinicio/rtl/top_downscale_system.sv
    Info (12023): Found entity 1: top_downscale_system File: C:/Users/josev/OneDrive/Documentos/Arqui2ProyectoInicio/rtl/top_downscale_system.sv Line: 8
Warning (12090): Entity "sld_virtual_jtag" obtained from "sld_virtual_jtag/synthesis/sld_virtual_jtag.v" instead of from Quartus Prime megafunction library File: C:/Users/josev/OneDrive/Documentos/Arqui2ProyectoInicio/quartus/downscale_project/sld_virtual_jtag/synthesis/sld_virtual_jtag.v Line: 6
Info (12021): Found 1 design units, including 1 entities, in source file sld_virtual_jtag/synthesis/sld_virtual_jtag.v
    Info (12023): Found entity 1: sld_virtual_jtag File: C:/Users/josev/OneDrive/Documentos/Arqui2ProyectoInicio/quartus/downscale_project/sld_virtual_jtag/synthesis/sld_virtual_jtag.v Line: 6
Info (12021): Found 1 design units, including 1 entities, in source file /users/josev/onedrive/documentos/arqui2proyectoinicio/rtl/jtag/jtag_register_map.sv
    Info (12023): Found entity 1: jtag_register_map File: C:/Users/josev/OneDrive/Documentos/Arqui2ProyectoInicio/rtl/jtag/jtag_register_map.sv Line: 8
Info (12021): Found 1 design units, including 1 entities, in source file /users/josev/onedrive/documentos/arqui2proyectoinicio/rtl/jtag/jtag_avalon_controller.sv
    Info (12023): Found entity 1: jtag_avalon_controller File: C:/Users/josev/OneDrive/Documentos/Arqui2ProyectoInicio/rtl/jtag/jtag_avalon_controller.sv Line: 8
Info (12021): Found 1 design units, including 1 entities, in source file /users/josev/onedrive/documentos/arqui2proyectoinicio/rtl/downscale/downscale_sequential.sv
    Info (12023): Found entity 1: downscale_sequential File: C:/Users/josev/OneDrive/Documentos/Arqui2ProyectoInicio/rtl/downscale/downscale_sequential.sv Line: 8
Warning (10229): Verilog HDL Expression warning at downscale_fsm.sv(208): truncated literal to match 6 bits File: C:/Users/josev/OneDrive/Documentos/Arqui2ProyectoInicio/rtl/downscale/downscale_fsm.sv Line: 208
Warning (10229): Verilog HDL Expression warning at downscale_fsm.sv(209): truncated literal to match 6 bits File: C:/Users/josev/OneDrive/Documentos/Arqui2ProyectoInicio/rtl/downscale/downscale_fsm.sv Line: 209
Info (12021): Found 1 design units, including 1 entities, in source file /users/josev/onedrive/documentos/arqui2proyectoinicio/rtl/downscale/downscale_fsm.sv
    Info (12023): Found entity 1: downscale_fsm File: C:/Users/josev/OneDrive/Documentos/Arqui2ProyectoInicio/rtl/downscale/downscale_fsm.sv Line: 8
Info (12021): Found 1 design units, including 1 entities, in source file /users/josev/onedrive/documentos/arqui2proyectoinicio/rtl/downscale/bilinear_interpolator.sv
    Info (12023): Found entity 1: bilinear_interpolator File: C:/Users/josev/OneDrive/Documentos/Arqui2ProyectoInicio/rtl/downscale/bilinear_interpolator.sv Line: 8
Info (12021): Found 1 design units, including 1 entities, in source file /users/josev/onedrive/documentos/arqui2proyectoinicio/rtl/downscale/fixed_point_mult.sv
    Info (12023): Found entity 1: fixed_point_mult File: C:/Users/josev/OneDrive/Documentos/Arqui2ProyectoInicio/rtl/downscale/fixed_point_mult.sv Line: 7
Info (12021): Found 1 design units, including 1 entities, in source file /users/josev/onedrive/documentos/arqui2proyectoinicio/rtl/memory/image_memory_input.sv
    Info (12023): Found entity 1: image_memory_input File: C:/Users/josev/OneDrive/Documentos/Arqui2ProyectoInicio/rtl/memory/image_memory_input.sv Line: 17
Info (12021): Found 1 design units, including 1 entities, in source file /users/josev/onedrive/documentos/arqui2proyectoinicio/rtl/memory/image_memory_output.sv
    Info (12023): Found entity 1: image_memory_output File: C:/Users/josev/OneDrive/Documentos/Arqui2ProyectoInicio/rtl/memory/image_memory_output.sv Line: 17
Info (12127): Elaborating entity "top_downscale_system" for the top level hierarchy
Info (12128): Elaborating entity "sld_virtual_jtag" for hierarchy "sld_virtual_jtag:u_virtual_jtag" File: C:/Users/josev/OneDrive/Documentos/Arqui2ProyectoInicio/rtl/top_downscale_system.sv Line: 112
Error (10111): Verilog HDL Module Instantiation error at sld_virtual_jtag.v(23): cannot override parameters -- module "sld_virtual_jtag" does not expect any parameters File: C:/Users/josev/OneDrive/Documentos/Arqui2ProyectoInicio/quartus/downscale_project/sld_virtual_jtag/synthesis/sld_virtual_jtag.v Line: 23
Error (12152): Can't elaborate user hierarchy "sld_virtual_jtag:u_virtual_jtag" File: C:/Users/josev/OneDrive/Documentos/Arqui2ProyectoInicio/rtl/top_downscale_system.sv Line: 112
Error: Quartus Prime Analysis & Synthesis was unsuccessful. 2 errors, 4 warnings
    Error: Peak virtual memory: 4779 megabytes
    Error: Processing ended: Thu Dec 04 00:23:53 2025
    Error: Elapsed time: 00:00:08
    Error: Total CPU time (on all processors): 00:00:19


