Info: Starting: Create simulation model
Info: qsys-generate C:\Users\gabri\OneDrive\Desktop\PrograProyectoArqui\Arqui2-Proyecto\qsys\dsa_system.qsys --simulation=VERILOG --allow-mixed-language-simulation --output-directory=C:\Users\gabri\OneDrive\Desktop\PrograProyectoArqui\Arqui2-Proyecto\qsys\dsa_system\simulation --family="Cyclone V" --part=5CSEMA5F31C6
Progress: Loading qsys/dsa_system.qsys
Progress: Reading input file
Progress: Adding clk_0 [clock_source 20.1]
Progress: Parameterizing module clk_0
Progress: Adding dsa_avalon_wrapper_0 [dsa_avalon_wrapper 1.0]
Progress: Parameterizing module dsa_avalon_wrapper_0
Progress: Adding input_memory [altera_avalon_onchip_memory2 20.1]
Progress: Parameterizing module input_memory
Progress: Adding jtag_master [altera_jtag_avalon_master 20.1]
Progress: Parameterizing module jtag_master
Progress: Adding output_memory [altera_avalon_onchip_memory2 20.1]
Progress: Parameterizing module output_memory
Progress: Adding pio_leds [altera_avalon_pio 20.1]
Progress: Parameterizing module pio_leds
Progress: Adding reset_bridge [altera_reset_bridge 20.1]
Progress: Parameterizing module reset_bridge
Progress: Building connections
Progress: Parameterizing connections
Progress: Validating
Progress: Done reading input file
Info: dsa_system: Generating dsa_system "dsa_system" for SIM_VERILOG
Error: Generation stopped, 7 or more modules remaining
Info: dsa_system: Done "dsa_system" with 8 modules, 1 files
Error: qsys-generate failed with exit code 1: 1 Error, 0 Warnings
Info: Stopping: Create simulation model
