Info: Starting: Create block symbol file (.bsf)
Info: qsys-generate C:\Users\sebas\OneDrive\Escritorio\Arqui2-Proyecto1\qsys\dsa_system.qsys --block-symbol-file --output-directory=C:\Users\sebas\OneDrive\Escritorio\Arqui2-Proyecto1\qsys\dsa_system --family="Cyclone V" --part=5CSEMA5F31C6
Progress: Loading qsys/dsa_system.qsys
Progress: Reading input file
Progress: Adding clk_0 [clock_source 20.1]
Progress: Parameterizing module clk_0
Progress: Adding dsa_avalon_wrapper_0 [dsa_avalon_wrapper 1.0]
Progress: Parameterizing module dsa_avalon_wrapper_0
Progress: Adding jtag_master [altera_jtag_avalon_master 20.1]
Progress: Parameterizing module jtag_master
Progress: Adding new_sdram_controller_0 [altera_avalon_new_sdram_controller 20.1]
Progress: Parameterizing module new_sdram_controller_0
Progress: Adding pio_leds [altera_avalon_pio 20.1]
Progress: Parameterizing module pio_leds
Progress: Adding reset_bridge [altera_reset_bridge 20.1]
Progress: Parameterizing module reset_bridge
Progress: Building connections
Progress: Parameterizing connections
Progress: Validating
Progress: Done reading input file
Info: dsa_system.new_sdram_controller_0: SDRAM Controller will only be supported in Quartus Prime Standard Edition in the future release.
Info: qsys-generate succeeded.
Info: Finished: Create block symbol file (.bsf)
Info: 
Info: Starting: Create HDL design files for synthesis
Info: qsys-generate C:\Users\sebas\OneDrive\Escritorio\Arqui2-Proyecto1\qsys\dsa_system.qsys --synthesis=VERILOG --output-directory=C:\Users\sebas\OneDrive\Escritorio\Arqui2-Proyecto1\qsys\dsa_system\synthesis --family="Cyclone V" --part=5CSEMA5F31C6
Progress: Loading qsys/dsa_system.qsys
Progress: Reading input file
Progress: Adding clk_0 [clock_source 20.1]
Progress: Parameterizing module clk_0
Progress: Adding dsa_avalon_wrapper_0 [dsa_avalon_wrapper 1.0]
Progress: Parameterizing module dsa_avalon_wrapper_0
Progress: Adding jtag_master [altera_jtag_avalon_master 20.1]
Progress: Parameterizing module jtag_master
Progress: Adding new_sdram_controller_0 [altera_avalon_new_sdram_controller 20.1]
Progress: Parameterizing module new_sdram_controller_0
Progress: Adding pio_leds [altera_avalon_pio 20.1]
Progress: Parameterizing module pio_leds
Progress: Adding reset_bridge [altera_reset_bridge 20.1]
Progress: Parameterizing module reset_bridge
Progress: Building connections
Progress: Parameterizing connections
Progress: Validating
Progress: Done reading input file
Info: dsa_system.new_sdram_controller_0: SDRAM Controller will only be supported in Quartus Prime Standard Edition in the future release.
Info: dsa_system: Generating dsa_system "dsa_system" for QUARTUS_SYNTH
Info: dsa_avalon_wrapper_0: "dsa_system" instantiated dsa_avalon_wrapper "dsa_avalon_wrapper_0"
Info: jtag_master: "dsa_system" instantiated altera_jtag_avalon_master "jtag_master"
Info: new_sdram_controller_0: Starting RTL generation for module 'dsa_system_new_sdram_controller_0'
Info: new_sdram_controller_0:   Generation command is [exec C:/intelfpga_lite/20.1/quartus/bin64/perl/bin/perl.exe -I C:/intelfpga_lite/20.1/quartus/bin64/perl/lib -I C:/intelfpga_lite/20.1/quartus/sopc_builder/bin/europa -I C:/intelfpga_lite/20.1/quartus/sopc_builder/bin -I C:/intelfpga_lite/20.1/quartus/../ip/altera/sopc_builder_ip/common -I C:/intelfpga_lite/20.1/quartus/../ip/altera/sopc_builder_ip/altera_avalon_new_sdram_controller -- C:/intelfpga_lite/20.1/quartus/../ip/altera/sopc_builder_ip/altera_avalon_new_sdram_controller/generate_rtl.pl --name=dsa_system_new_sdram_controller_0 --dir=C:/Users/sebas/AppData/Local/Temp/alt0422_2444198894745726357.dir/0003_new_sdram_controller_0_gen/ --quartus_dir=C:/intelfpga_lite/20.1/quartus --verilog --config=C:/Users/sebas/AppData/Local/Temp/alt0422_2444198894745726357.dir/0003_new_sdram_controller_0_gen//dsa_system_new_sdram_controller_0_component_configuration.pl  --do_build_sim=0  ]
Info: new_sdram_controller_0: Done RTL generation for module 'dsa_system_new_sdram_controller_0'
Info: new_sdram_controller_0: "dsa_system" instantiated altera_avalon_new_sdram_controller "new_sdram_controller_0"
Info: pio_leds: Starting RTL generation for module 'dsa_system_pio_leds'
Info: pio_leds:   Generation command is [exec C:/intelfpga_lite/20.1/quartus/bin64/perl/bin/perl.exe -I C:/intelfpga_lite/20.1/quartus/bin64/perl/lib -I C:/intelfpga_lite/20.1/quartus/sopc_builder/bin/europa -I C:/intelfpga_lite/20.1/quartus/sopc_builder/bin -I C:/intelfpga_lite/20.1/quartus/../ip/altera/sopc_builder_ip/common -I C:/intelfpga_lite/20.1/quartus/../ip/altera/sopc_builder_ip/altera_avalon_pio -- C:/intelfpga_lite/20.1/quartus/../ip/altera/sopc_builder_ip/altera_avalon_pio/generate_rtl.pl --name=dsa_system_pio_leds --dir=C:/Users/sebas/AppData/Local/Temp/alt0422_2444198894745726357.dir/0004_pio_leds_gen/ --quartus_dir=C:/intelfpga_lite/20.1/quartus --verilog --config=C:/Users/sebas/AppData/Local/Temp/alt0422_2444198894745726357.dir/0004_pio_leds_gen//dsa_system_pio_leds_component_configuration.pl  --do_build_sim=0  ]
Info: pio_leds: Done RTL generation for module 'dsa_system_pio_leds'
Info: pio_leds: "dsa_system" instantiated altera_avalon_pio "pio_leds"
Info: avalon_st_adapter: Inserting error_adapter: error_adapter_0
Info: avalon_st_adapter_001: Inserting error_adapter: error_adapter_0
Info: avalon_st_adapter_002: Inserting error_adapter: error_adapter_0
Info: mm_interconnect_0: "dsa_system" instantiated altera_mm_interconnect "mm_interconnect_0"
Info: jtag_phy_embedded_in_jtag_master: "jtag_master" instantiated altera_jtag_dc_streaming "jtag_phy_embedded_in_jtag_master"
Info: timing_adt: "jtag_master" instantiated timing_adapter "timing_adt"
Info: fifo: "jtag_master" instantiated altera_avalon_sc_fifo "fifo"
Info: b2p: "jtag_master" instantiated altera_avalon_st_bytes_to_packets "b2p"
Info: p2b: "jtag_master" instantiated altera_avalon_st_packets_to_bytes "p2b"
Info: transacto: "jtag_master" instantiated altera_avalon_packets_to_master "transacto"
Info: b2p_adapter: "jtag_master" instantiated channel_adapter "b2p_adapter"
Info: p2b_adapter: "jtag_master" instantiated channel_adapter "p2b_adapter"
Info: rst_controller: "jtag_master" instantiated altera_reset_controller "rst_controller"
Info: dsa_avalon_wrapper_0_avalon_master_translator: "mm_interconnect_0" instantiated altera_merlin_master_translator "dsa_avalon_wrapper_0_avalon_master_translator"
Info: dsa_avalon_wrapper_0_avalon_slave_translator: "mm_interconnect_0" instantiated altera_merlin_slave_translator "dsa_avalon_wrapper_0_avalon_slave_translator"
Info: dsa_avalon_wrapper_0_avalon_master_agent: "mm_interconnect_0" instantiated altera_merlin_master_agent "dsa_avalon_wrapper_0_avalon_master_agent"
Info: dsa_avalon_wrapper_0_avalon_slave_agent: "mm_interconnect_0" instantiated altera_merlin_slave_agent "dsa_avalon_wrapper_0_avalon_slave_agent"
Info: router: "mm_interconnect_0" instantiated altera_merlin_router "router"
Info: router_002: "mm_interconnect_0" instantiated altera_merlin_router "router_002"
Info: router_003: "mm_interconnect_0" instantiated altera_merlin_router "router_003"
Info: jtag_master_master_limiter: "mm_interconnect_0" instantiated altera_merlin_traffic_limiter "jtag_master_master_limiter"
Info: Reusing file C:/Users/sebas/OneDrive/Escritorio/Arqui2-Proyecto1/qsys/dsa_system/synthesis/submodules/altera_avalon_sc_fifo.v
Info: Reusing file C:/Users/sebas/OneDrive/Escritorio/Arqui2-Proyecto1/qsys/dsa_system/synthesis/submodules/altera_avalon_st_pipeline_base.v
Info: new_sdram_controller_0_s1_burst_adapter: "mm_interconnect_0" instantiated altera_merlin_burst_adapter "new_sdram_controller_0_s1_burst_adapter"
Info: Reusing file C:/Users/sebas/OneDrive/Escritorio/Arqui2-Proyecto1/qsys/dsa_system/synthesis/submodules/altera_avalon_st_pipeline_stage.sv
Info: Reusing file C:/Users/sebas/OneDrive/Escritorio/Arqui2-Proyecto1/qsys/dsa_system/synthesis/submodules/altera_avalon_st_pipeline_base.v
Info: cmd_demux: "mm_interconnect_0" instantiated altera_merlin_demultiplexer "cmd_demux"
Info: cmd_demux_001: "mm_interconnect_0" instantiated altera_merlin_demultiplexer "cmd_demux_001"
Info: cmd_mux: "mm_interconnect_0" instantiated altera_merlin_multiplexer "cmd_mux"
Info: rsp_demux: "mm_interconnect_0" instantiated altera_merlin_demultiplexer "rsp_demux"
Info: rsp_mux: "mm_interconnect_0" instantiated altera_merlin_multiplexer "rsp_mux"
Info: Reusing file C:/Users/sebas/OneDrive/Escritorio/Arqui2-Proyecto1/qsys/dsa_system/synthesis/submodules/altera_merlin_arbitrator.sv
Info: new_sdram_controller_0_s1_rsp_width_adapter: "mm_interconnect_0" instantiated altera_merlin_width_adapter "new_sdram_controller_0_s1_rsp_width_adapter"
Info: Reusing file C:/Users/sebas/OneDrive/Escritorio/Arqui2-Proyecto1/qsys/dsa_system/synthesis/submodules/altera_merlin_address_alignment.sv
Info: Reusing file C:/Users/sebas/OneDrive/Escritorio/Arqui2-Proyecto1/qsys/dsa_system/synthesis/submodules/altera_merlin_burst_uncompressor.sv
Info: avalon_st_adapter: "mm_interconnect_0" instantiated altera_avalon_st_adapter "avalon_st_adapter"
Info: avalon_st_adapter_001: "mm_interconnect_0" instantiated altera_avalon_st_adapter "avalon_st_adapter_001"
Info: error_adapter_0: "avalon_st_adapter" instantiated error_adapter "error_adapter_0"
Info: error_adapter_0: "avalon_st_adapter_001" instantiated error_adapter "error_adapter_0"
Info: dsa_system: Done "dsa_system" with 34 modules, 65 files
Info: qsys-generate succeeded.
Info: Finished: Create HDL design files for synthesis
