Flow report for ModoSecuencial
Thu Dec 04 12:28:53 2025
Quartus Prime Version 20.1.1 Build 720 11/11/2020 SJ Lite Edition


---------------------
; Table of Contents ;
---------------------
  1. Legal Notice
  2. Flow Summary
  3. Flow Settings
  4. Flow Non-Default Global Settings
  5. Flow Elapsed Time
  6. Flow OS Summary
  7. Flow Log
  8. Flow Messages
  9. Flow Suppressed Messages



----------------
; Legal Notice ;
----------------
Copyright (C) 2020  Intel Corporation. All rights reserved.
Your use of Intel Corporation's design tools, logic functions 
and other software and tools, and any partner logic 
functions, and any output files from any of the foregoing 
(including device programming or simulation files), and any 
associated documentation or information are expressly subject 
to the terms and conditions of the Intel Program License 
Subscription Agreement, the Intel Quartus Prime License Agreement,
the Intel FPGA IP License Agreement, or other applicable license
agreement, including, without limitation, that your use is for
the sole purpose of programming logic devices manufactured by
Intel and sold by Intel or its authorized distributors.  Please
refer to the applicable agreement for further details, at
https://fpgasoftware.intel.com/eula.



+-------------------------------------------------------------------------------+
; Flow Summary                                                                  ;
+---------------------------------+---------------------------------------------+
; Flow Status                     ; Successful - Thu Dec 04 12:28:53 2025       ;
; Quartus Prime Version           ; 20.1.1 Build 720 11/11/2020 SJ Lite Edition ;
; Revision Name                   ; ModoSecuencial                              ;
; Top-level Entity Name           ; dsa_system_wrapper                          ;
; Family                          ; Cyclone V                                   ;
; Device                          ; 5CSEMA5F31C6                                ;
; Timing Models                   ; Final                                       ;
; Logic utilization (in ALMs)     ; 9,925 / 32,070 ( 31 % )                     ;
; Total registers                 ; 3043                                        ;
; Total pins                      ; 11 / 457 ( 2 % )                            ;
; Total virtual pins              ; 0                                           ;
; Total block memory bits         ; 2,621,952 / 4,065,280 ( 64 % )              ;
; Total DSP Blocks                ; 87 / 87 ( 100 % )                           ;
; Total HSSI RX PCSs              ; 0                                           ;
; Total HSSI PMA RX Deserializers ; 0                                           ;
; Total HSSI TX PCSs              ; 0                                           ;
; Total HSSI PMA TX Serializers   ; 0                                           ;
; Total PLLs                      ; 0 / 6 ( 0 % )                               ;
; Total DLLs                      ; 0 / 4 ( 0 % )                               ;
+---------------------------------+---------------------------------------------+


+-----------------------------------------+
; Flow Settings                           ;
+-------------------+---------------------+
; Option            ; Setting             ;
+-------------------+---------------------+
; Start date & time ; 12/04/2025 12:20:55 ;
; Main task         ; Compilation         ;
; Revision Name     ; ModoSecuencial      ;
+-------------------+---------------------+


+-------------------------------------------------------------------------------------------------------------------------------------------------------------------------+
; Flow Non-Default Global Settings                                                                                                                                        ;
+--------------------------------------+--------------------------------------------------------------+----------------+--------------------+-----------------------------+
; Assignment Name                      ; Value                                                        ; Default Value  ; Entity Name        ; Section Id                  ;
+--------------------------------------+--------------------------------------------------------------+----------------+--------------------+-----------------------------+
; COMPILER_SIGNATURE_ID                ; 91769883643.176487245425968                                  ; --             ; --                 ; --                          ;
; EDA_DESIGN_INSTANCE_NAME             ; NA                                                           ; --             ; --                 ; tb_Top_Downscale_Secuencial ;
; EDA_NATIVELINK_SIMULATION_TEST_BENCH ; tb_top_Downscale_Secuencial                                  ; --             ; --                 ; eda_simulation              ;
; EDA_OUTPUT_DATA_FORMAT               ; Systemverilog Hdl                                            ; --             ; --                 ; eda_simulation              ;
; EDA_SIMULATION_TOOL                  ; ModelSim-Altera (SystemVerilog)                              ; <None>         ; --                 ; --                          ;
; EDA_TEST_BENCH_ENABLE_STATUS         ; TEST_BENCH_MODE                                              ; --             ; --                 ; eda_simulation              ;
; EDA_TEST_BENCH_FILE                  ; testbench/tb_top_Downscale_Secuencial.sv                     ; --             ; --                 ; tb_top_Downscale_Secuencial ;
; EDA_TEST_BENCH_MODULE_NAME           ; tb_top_Downscale_Secuencial                                  ; --             ; --                 ; tb_top_Downscale_Secuencial ;
; EDA_TEST_BENCH_NAME                  ; tb_top_Downscale_Secuencial                                  ; --             ; --                 ; eda_simulation              ;
; EDA_TIME_SCALE                       ; 1 ps                                                         ; --             ; --                 ; eda_simulation              ;
; MAX_CORE_JUNCTION_TEMP               ; 85                                                           ; --             ; --                 ; --                          ;
; MIN_CORE_JUNCTION_TEMP               ; 0                                                            ; --             ; --                 ; --                          ;
; MISC_FILE                            ; qsys/qsys/synthesis/../dsa_system.cmp                        ; --             ; --                 ; --                          ;
; MISC_FILE                            ; qsys/qsys/synthesis/../../dsa_system.qsys                    ; --             ; --                 ; --                          ;
; PARTITION_COLOR                      ; -- (Not supported for targeted family)                       ; --             ; dsa_system_wrapper ; Top                         ;
; PARTITION_FITTER_PRESERVATION_LEVEL  ; -- (Not supported for targeted family)                       ; --             ; dsa_system_wrapper ; Top                         ;
; PARTITION_NETLIST_TYPE               ; -- (Not supported for targeted family)                       ; --             ; dsa_system_wrapper ; Top                         ;
; POWER_BOARD_THERMAL_MODEL            ; None (CONSERVATIVE)                                          ; --             ; --                 ; --                          ;
; POWER_PRESET_COOLING_SOLUTION        ; 23 MM HEAT SINK WITH 200 LFPM AIRFLOW                        ; --             ; --                 ; --                          ;
; PROJECT_OUTPUT_DIRECTORY             ; output_files                                                 ; --             ; --                 ; --                          ;
; SLD_FILE                             ; qsys/qsys/synthesis/dsa_system.regmap                        ; --             ; --                 ; --                          ;
; SLD_FILE                             ; qsys/qsys/synthesis/dsa_system.debuginfo                     ; --             ; --                 ; --                          ;
; SLD_INFO                             ; QSYS_NAME dsa_system HAS_SOPCINFO 1 GENERATION_ID 1764827553 ; --             ; dsa_system         ; --                          ;
; SOPCINFO_FILE                        ; qsys/qsys/synthesis/../../dsa_system.sopcinfo                ; --             ; --                 ; --                          ;
; SYNTHESIS_ONLY_QIP                   ; On                                                           ; --             ; --                 ; --                          ;
; TOP_LEVEL_ENTITY                     ; dsa_system_wrapper                                           ; ModoSecuencial ; --                 ; --                          ;
+--------------------------------------+--------------------------------------------------------------+----------------+--------------------+-----------------------------+


+--------------------------------------------------------------------------------------------------------------------------+
; Flow Elapsed Time                                                                                                        ;
+----------------------+--------------+-------------------------+---------------------+------------------------------------+
; Module Name          ; Elapsed Time ; Average Processors Used ; Peak Virtual Memory ; Total CPU Time (on all processors) ;
+----------------------+--------------+-------------------------+---------------------+------------------------------------+
; Analysis & Synthesis ; 00:00:47     ; 1.0                     ; 5185 MB             ; 00:01:04                           ;
; Fitter               ; 00:06:13     ; 1.5                     ; 8244 MB             ; 00:39:53                           ;
; Assembler            ; 00:00:14     ; 1.0                     ; 5057 MB             ; 00:00:14                           ;
; Timing Analyzer      ; 00:00:24     ; 6.5                     ; 5672 MB             ; 00:02:05                           ;
; EDA Netlist Writer   ; 00:00:07     ; 1.0                     ; 4939 MB             ; 00:00:07                           ;
; Total                ; 00:07:45     ; --                      ; --                  ; 00:43:23                           ;
+----------------------+--------------+-------------------------+---------------------+------------------------------------+


+------------------------------------------------------------------------------------+
; Flow OS Summary                                                                    ;
+----------------------+------------------+------------+------------+----------------+
; Module Name          ; Machine Hostname ; OS Name    ; OS Version ; Processor type ;
+----------------------+------------------+------------+------------+----------------+
; Analysis & Synthesis ; DESKTOP-7CQB5CM  ; Windows 10 ; 10.0       ; x86_64         ;
; Fitter               ; DESKTOP-7CQB5CM  ; Windows 10 ; 10.0       ; x86_64         ;
; Assembler            ; DESKTOP-7CQB5CM  ; Windows 10 ; 10.0       ; x86_64         ;
; Timing Analyzer      ; DESKTOP-7CQB5CM  ; Windows 10 ; 10.0       ; x86_64         ;
; EDA Netlist Writer   ; DESKTOP-7CQB5CM  ; Windows 10 ; 10.0       ; x86_64         ;
+----------------------+------------------+------------+------------+----------------+


------------
; Flow Log ;
------------
quartus_map --read_settings_files=on --write_settings_files=off ModoSecuencial -c ModoSecuencial
quartus_fit --read_settings_files=off --write_settings_files=off ModoSecuencial -c ModoSecuencial
quartus_asm --read_settings_files=off --write_settings_files=off ModoSecuencial -c ModoSecuencial
quartus_sta ModoSecuencial -c ModoSecuencial
quartus_eda --read_settings_files=off --write_settings_files=off ModoSecuencial -c ModoSecuencial



